      Step     Time          Energy          fmax
FIRE:    0 05:24:18     -231.756256        0.651770
FIRE:    1 05:24:18     -231.809372        0.250842
FIRE:    2 05:24:18     -231.803268        0.331143
FIRE:    3 05:24:18     -231.807816        0.276329
FIRE:    4 05:24:18     -231.813995        0.176559
FIRE:    5 05:24:18     -231.817993        0.049263
FIRE:    6 05:24:18     -231.817322        0.084291
FIRE:    7 05:24:18     -231.817383        0.080930
FIRE:    8 05:24:19     -231.817520        0.074354
FIRE:    9 05:24:19     -231.817719        0.064799
FIRE:   10 05:24:19     -231.817902        0.052654
FIRE:   11 05:24:19     -231.818085        0.038392
FIRE:   12 05:24:19     -231.818237        0.022561
FIRE:   13 05:24:19     -231.818298        0.005814
FIRE:   14 05:24:19     -231.818268        0.012929
FIRE:   15 05:24:19     -231.818298        0.012773
FIRE:   16 05:24:19     -231.818298        0.012458
FIRE:   17 05:24:20     -231.818298        0.011998
FIRE:   18 05:24:20     -231.818298        0.011388
FIRE:   19 05:24:20     -231.818298        0.010640
FIRE:   20 05:24:20     -231.818268        0.009761
FIRE:   21 05:24:20     -231.818298        0.008762
FIRE:   22 05:24:20     -231.818298        0.007541
FIRE:   23 05:24:20     -231.818283        0.006063
FIRE:   24 05:24:20     -231.818329        0.004303
FIRE:   25 05:24:20     -231.818314        0.002255
FIRE:   26 05:24:20     -231.818314        0.000064
FIRE:   27 05:24:21     -231.818298        0.000064
FIRE:   28 05:24:21     -231.818298        0.000064
FIRE:   29 05:24:21     -231.818298        0.000064
FIRE:   30 05:24:21     -231.818298        0.000062
FIRE:   31 05:24:21     -231.818298        0.000055
FIRE:   32 05:24:21     -231.818298        0.000055
FIRE:   33 05:24:21     -231.818314        0.000051
FIRE:   34 05:24:21     -231.818298        0.000046
FIRE:   35 05:24:21     -231.818298        0.000045
FIRE:   36 05:24:22     -231.818314        0.000035
FIRE:   37 05:24:22     -231.818314        0.000026
FIRE:   38 05:24:22     -231.818314        0.000019
FIRE:   39 05:24:22     -231.818298        0.000009
FIRE:   40 05:24:22     -231.818314        0.000003
FIRE:   41 05:24:22     -231.818314        0.000017
FIRE:   42 05:24:22     -231.818314        0.000016
FIRE:   43 05:24:22     -231.818298        0.000016
FIRE:   44 05:24:22     -231.818298        0.000017
FIRE:   45 05:24:23     -231.818298        0.000016
FIRE:   46 05:24:23     -231.818298        0.000012
FIRE:   47 05:24:23     -231.818298        0.000010
FIRE:   48 05:24:23     -231.818314        0.000010
FIRE:   49 05:24:23     -231.818298        0.000010
FIRE:   50 05:24:23     -231.818298        0.000010
FIRE:   51 05:24:23     -231.818298        0.000008
FIRE:   52 05:24:23     -231.818314        0.000007
FIRE:   53 05:24:23     -231.818314        0.000002
FIRE:   54 05:24:24     -231.818314        0.000002
FIRE:   55 05:24:24     -231.818314        0.000002
FIRE:   56 05:24:24     -231.818314        0.000002
FIRE:   57 05:24:24     -231.818314        0.000002
FIRE:   58 05:24:24     -231.818314        0.000002
FIRE:   59 05:24:24     -231.818314        0.000002
FIRE:   60 05:24:24     -231.818314        0.000002
FIRE:   61 05:24:24     -231.818314        0.000002
FIRE:   62 05:24:24     -231.818314        0.000002
FIRE:   63 05:24:25     -231.818314        0.000002
FIRE:   64 05:24:25     -231.818314        0.000002
FIRE:   65 05:24:25     -231.818314        0.000003
FIRE:   66 05:24:25     -231.818314        0.000002
FIRE:   67 05:24:25     -231.818314        0.000006
FIRE:   68 05:24:25     -231.818314        0.000007
FIRE:   69 05:24:25     -231.818298        0.000007
FIRE:   70 05:24:25     -231.818298        0.000007
FIRE:   71 05:24:25     -231.818314        0.000007
FIRE:   72 05:24:25     -231.818298        0.000002
FIRE:   73 05:24:26     -231.818314        0.000002
FIRE:   74 05:24:26     -231.818314        0.000002
FIRE:   75 05:24:26     -231.818314        0.000002
FIRE:   76 05:24:26     -231.818314        0.000002
FIRE:   77 05:24:26     -231.818314        0.000002
FIRE:   78 05:24:26     -231.818314        0.000002
FIRE:   79 05:24:26     -231.818314        0.000002
FIRE:   80 05:24:26     -231.818314        0.000002
FIRE:   81 05:24:26     -231.818314        0.000002
FIRE:   82 05:24:27     -231.818298        0.000006
FIRE:   83 05:24:27     -231.818314        0.000007
FIRE:   84 05:24:27     -231.818298        0.000007
FIRE:   85 05:24:27     -231.818314        0.000002
FIRE:   86 05:24:27     -231.818314        0.000002
FIRE:   87 05:24:27     -231.818314        0.000002
FIRE:   88 05:24:27     -231.818314        0.000002
FIRE:   89 05:24:27     -231.818314        0.000002
FIRE:   90 05:24:27     -231.818314        0.000002
FIRE:   91 05:24:28     -231.818314        0.000002
FIRE:   92 05:24:28     -231.818298        0.000007
FIRE:   93 05:24:28     -231.818314        0.000007
FIRE:   94 05:24:28     -231.818314        0.000007
FIRE:   95 05:24:28     -231.818298        0.000007
FIRE:   96 05:24:28     -231.818314        0.000002
FIRE:   97 05:24:28     -231.818314        0.000002
FIRE:   98 05:24:28     -231.818314        0.000002
FIRE:   99 05:24:28     -231.818314        0.000002
FIRE:  100 05:24:29     -231.818314        0.000002
FIRE:  101 05:24:29     -231.818314        0.000002
FIRE:  102 05:24:29     -231.818314        0.000006
FIRE:  103 05:24:29     -231.818314        0.000007
FIRE:  104 05:24:29     -231.818314        0.000002
FIRE:  105 05:24:29     -231.818314        0.000002
FIRE:  106 05:24:29     -231.818314        0.000002
FIRE:  107 05:24:29     -231.818314        0.000002
FIRE:  108 05:24:29     -231.818314        0.000002
FIRE:  109 05:24:30     -231.818314        0.000002
FIRE:  110 05:24:30     -231.818314        0.000006
FIRE:  111 05:24:30     -231.818298        0.000006
FIRE:  112 05:24:30     -231.818314        0.000002
FIRE:  113 05:24:30     -231.818314        0.000003
FIRE:  114 05:24:30     -231.818314        0.000002
FIRE:  115 05:24:30     -231.818298        0.000002
FIRE:  116 05:24:30     -231.818298        0.000002
FIRE:  117 05:24:30     -231.818314        0.000001
FIRE:  118 05:24:30     -231.818314        0.000001
FIRE:  119 05:24:30     -231.818314        0.000001
FIRE:  120 05:24:30     -231.818314        0.000001
FIRE:  121 05:24:30     -231.818314        0.000001
FIRE:  122 05:24:30     -231.818314        0.000001
FIRE:  123 05:24:30     -231.818314        0.000001
FIRE:  124 05:24:30     -231.818314        0.000001
FIRE:  125 05:24:30     -231.818314        0.000001
FIRE:  126 05:24:31     -231.818314        0.000001
FIRE:  127 05:24:31     -231.818314        0.000001
FIRE:  128 05:24:31     -231.818314        0.000001
FIRE:  129 05:24:31     -231.818314        0.000001
FIRE:  130 05:24:31     -231.818314        0.000001
FIRE:  131 05:24:31     -231.818314        0.000001
FIRE:  132 05:24:31     -231.818314        0.000001
FIRE:  133 05:24:31     -231.818314        0.000001
FIRE:  134 05:24:31     -231.818314        0.000001
FIRE:  135 05:24:31     -231.818314        0.000001
FIRE:  136 05:24:31     -231.818314        0.000001
FIRE:  137 05:24:31     -231.818314        0.000001
FIRE:  138 05:24:31     -231.818314        0.000001
FIRE:  139 05:24:31     -231.818314        0.000001
FIRE:  140 05:24:31     -231.818314        0.000001
FIRE:  141 05:24:31     -231.818314        0.000001
FIRE:  142 05:24:31     -231.818314        0.000001
FIRE:  143 05:24:31     -231.818314        0.000001
FIRE:  144 05:24:31     -231.818314        0.000001
FIRE:  145 05:24:31     -231.818314        0.000001
FIRE:  146 05:24:31     -231.818314        0.000001
FIRE:  147 05:24:31     -231.818314        0.000001
FIRE:  148 05:24:31     -231.818314        0.000001
FIRE:  149 05:24:31     -231.818314        0.000001
FIRE:  150 05:24:31     -231.818314        0.000001
FIRE:  151 05:24:31     -231.818314        0.000001
FIRE:  152 05:24:31     -231.818298        0.000001
