      Step     Time          Energy          fmax
FIRE:    0 05:23:57     -231.287964        1.490838
FIRE:    1 05:23:57     -231.535553        0.376100
FIRE:    2 05:23:57     -231.449341        0.865705
FIRE:    3 05:23:57     -231.480362        0.728650
FIRE:    4 05:23:57     -231.523468        0.471955
FIRE:    5 05:23:57     -231.551575        0.130274
FIRE:    6 05:23:58     -231.545990        0.245489
FIRE:    7 05:23:58     -231.546646        0.234795
FIRE:    8 05:23:58     -231.547852        0.213912
FIRE:    9 05:23:58     -231.549408        0.183812
FIRE:   10 05:23:58     -231.551025        0.145868
FIRE:   11 05:23:58     -231.552460        0.101800
FIRE:   12 05:23:58     -231.553452        0.053564
FIRE:   13 05:23:58     -231.553833        0.003277
FIRE:   14 05:23:58     -231.553467        0.051926
FIRE:   15 05:23:59     -231.553467        0.051264
FIRE:   16 05:23:59     -231.553482        0.049941
FIRE:   17 05:23:59     -231.553497        0.047984
FIRE:   18 05:23:59     -231.553558        0.045409
FIRE:   19 05:23:59     -231.553589        0.042247
FIRE:   20 05:23:59     -231.553619        0.038545
FIRE:   21 05:23:59     -231.553650        0.034354
FIRE:   22 05:23:59     -231.553726        0.029200
FIRE:   23 05:23:59     -231.553741        0.022986
FIRE:   24 05:24:00     -231.553802        0.015619
FIRE:   25 05:24:00     -231.553833        0.007078
FIRE:   26 05:24:00     -231.553833        0.002557
FIRE:   27 05:24:00     -231.553802        0.002537
FIRE:   28 05:24:00     -231.553833        0.002494
FIRE:   29 05:24:00     -231.553802        0.002434
FIRE:   30 05:24:00     -231.553818        0.002351
FIRE:   31 05:24:00     -231.553818        0.002247
FIRE:   32 05:24:00     -231.553818        0.002126
FIRE:   33 05:24:00     -231.553818        0.001985
FIRE:   34 05:24:01     -231.553818        0.001809
FIRE:   35 05:24:01     -231.553802        0.001601
FIRE:   36 05:24:01     -231.553833        0.001343
FIRE:   37 05:24:01     -231.553833        0.001030
FIRE:   38 05:24:01     -231.553802        0.000673
FIRE:   39 05:24:01     -231.553833        0.000255
FIRE:   40 05:24:01     -231.553818        0.000205
FIRE:   41 05:24:01     -231.553818        0.000205
FIRE:   42 05:24:01     -231.553833        0.000205
FIRE:   43 05:24:02     -231.553818        0.000196
FIRE:   44 05:24:02     -231.553833        0.000194
FIRE:   45 05:24:02     -231.553833        0.000186
FIRE:   46 05:24:02     -231.553848        0.000175
FIRE:   47 05:24:02     -231.553833        0.000166
FIRE:   48 05:24:02     -231.553818        0.000149
FIRE:   49 05:24:02     -231.553848        0.000132
FIRE:   50 05:24:02     -231.553833        0.000114
FIRE:   51 05:24:02     -231.553833        0.000093
FIRE:   52 05:24:03     -231.553833        0.000065
FIRE:   53 05:24:03     -231.553833        0.000028
FIRE:   54 05:24:03     -231.553818        0.000007
FIRE:   55 05:24:03     -231.553818        0.000007
FIRE:   56 05:24:03     -231.553818        0.000007
FIRE:   57 05:24:03     -231.553818        0.000007
FIRE:   58 05:24:03     -231.553802        0.000007
FIRE:   59 05:24:03     -231.553818        0.000006
FIRE:   60 05:24:03     -231.553818        0.000007
FIRE:   61 05:24:04     -231.553818        0.000007
FIRE:   62 05:24:04     -231.553818        0.000007
FIRE:   63 05:24:04     -231.553802        0.000007
FIRE:   64 05:24:04     -231.553833        0.000001
FIRE:   65 05:24:04     -231.553833        0.000001
FIRE:   66 05:24:04     -231.553833        0.000001
FIRE:   67 05:24:04     -231.553833        0.000001
FIRE:   68 05:24:04     -231.553833        0.000001
FIRE:   69 05:24:04     -231.553818        0.000002
FIRE:   70 05:24:05     -231.553833        0.000002
FIRE:   71 05:24:05     -231.553818        0.000002
FIRE:   72 05:24:05     -231.553833        0.000002
FIRE:   73 05:24:05     -231.553818        0.000002
FIRE:   74 05:24:05     -231.553833        0.000002
FIRE:   75 05:24:05     -231.553833        0.000002
FIRE:   76 05:24:05     -231.553833        0.000003
FIRE:   77 05:24:05     -231.553818        0.000002
FIRE:   78 05:24:05     -231.553833        0.000002
FIRE:   79 05:24:06     -231.553833        0.000002
FIRE:   80 05:24:06     -231.553833        0.000001
FIRE:   81 05:24:06     -231.553833        0.000001
FIRE:   82 05:24:06     -231.553833        0.000001
FIRE:   83 05:24:06     -231.553833        0.000001
FIRE:   84 05:24:06     -231.553833        0.000001
FIRE:   85 05:24:06     -231.553833        0.000001
FIRE:   86 05:24:06     -231.553833        0.000001
FIRE:   87 05:24:06     -231.553833        0.000001
FIRE:   88 05:24:07     -231.553833        0.000001
FIRE:   89 05:24:07     -231.553833        0.000002
FIRE:   90 05:24:07     -231.553833        0.000002
FIRE:   91 05:24:07     -231.553818        0.000002
FIRE:   92 05:24:07     -231.553833        0.000002
FIRE:   93 05:24:07     -231.553833        0.000002
FIRE:   94 05:24:07     -231.553833        0.000001
FIRE:   95 05:24:07     -231.553833        0.000001
FIRE:   96 05:24:07     -231.553833        0.000002
FIRE:   97 05:24:08     -231.553833        0.000001
FIRE:   98 05:24:08     -231.553833        0.000001
FIRE:   99 05:24:08     -231.553833        0.000001
FIRE:  100 05:24:08     -231.553833        0.000002
FIRE:  101 05:24:08     -231.553833        0.000002
FIRE:  102 05:24:08     -231.553833        0.000002
FIRE:  103 05:24:08     -231.553833        0.000001
FIRE:  104 05:24:08     -231.553833        0.000001
FIRE:  105 05:24:09     -231.553833        0.000001
FIRE:  106 05:24:09     -231.553833        0.000001
FIRE:  107 05:24:09     -231.553833        0.000001
FIRE:  108 05:24:09     -231.553833        0.000002
FIRE:  109 05:24:09     -231.553833        0.000002
FIRE:  110 05:24:09     -231.553833        0.000002
FIRE:  111 05:24:09     -231.553833        0.000002
FIRE:  112 05:24:09     -231.553833        0.000002
FIRE:  113 05:24:09     -231.553833        0.000001
FIRE:  114 05:24:10     -231.553833        0.000001
FIRE:  115 05:24:10     -231.553833        0.000001
FIRE:  116 05:24:10     -231.553818        0.000002
FIRE:  117 05:24:10     -231.553818        0.000002
FIRE:  118 05:24:10     -231.553833        0.000002
FIRE:  119 05:24:10     -231.553833        0.000001
FIRE:  120 05:24:10     -231.553833        0.000001
FIRE:  121 05:24:10     -231.553833        0.000001
FIRE:  122 05:24:10     -231.553833        0.000001
FIRE:  123 05:24:11     -231.553833        0.000001
